../Core/Src/main.c:80:6:print_text	72	static
../Core/Src/main.c:99:6:enqueue	72	static
../Core/Src/main.c:121:6:dequeue	8	static
../Core/Src/main.c:134:6:show	24	static
../Core/Src/main.c:168:5:main	8	static
../Core/Src/main.c:236:6:SystemClock_Config	88	static
../Core/Src/main.c:282:13:MX_I2C1_Init	8	static
../Core/Src/main.c:316:13:MX_I2S3_Init	8	static
../Core/Src/main.c:350:13:MX_SPI1_Init	8	static
../Core/Src/main.c:388:13:MX_USART3_UART_Init	8	static
../Core/Src/main.c:421:13:MX_GPIO_Init	56	static
../Core/Src/main.c:516:6:Error_Handler	4	static,ignoring_inline_asm
